<div class="banner">
  <div>
    <div>
      <h2>Banner title</h2>
      <p><a class="button dark" href="https://www.example.com">CTA</a></p>
    </div>
  </div>
</div>