<div class="columns width-2-columns">
  <div>
    <div class="column">
      <h1 style="font-size: var(--heading-font-size-xxl)">Resize your image for free!</h1>
      <h5 style="font-size: var(--heading-font-size-s)">Use our fast, easy, and free online photo resizer to change the
        dimensions of any picture.</h5>
      <p class="powered-by">Powered by <strong>Adobe Photoshop</strong></p>
      <p><strong><a href="https://spark.adobe.com/tools/image-resize/">Upload your Photo</a></strong></p>
    </div>
    <div class="hero-animation-overlay column">
      <p></p>
      <p><video playsinline="" autoplay="" muted=""
          poster="./media/a.webp?width=750&amp;format=webply&amp;optimize=medium">
          <source src="./media_a496779a307c49d99dad2eb20205607d59ea5b17a.mp4" type="video/mp4">
        </video></p>
    </div>
  </div>
</div>