<div class="columns numbered table width-2-columns">
  <div>
    <div class="column"><span class="num">01/10 —</span>
      <h1 style="font-size: var(--heading-font-size-xxl)">Resize your image for free.</h1>
    </div>
    <div class="column">
      <p>Lorem ipsum dolor sit amet.</p>
    </div>
  </div>
  <div>
    <div class="column"><span class="num">02/10 —</span>
      <h1 style="font-size: var(--heading-font-size-xxl)">Resize your image for free.</h1>
    </div>
    <div class="column">
      <p>Lorem ipsum dolor sit amet.</p>
    </div>
  </div>
  <div>
    <div class="column"><span class="num">03/10 —</span>
      <h1 style="font-size: var(--heading-font-size-xxl)">Resize your image for free.</h1>
    </div>
    <div class="column">
      <p>Lorem ipsum dolor sit amet.</p>
    </div>
  </div>
  <div>
    <div class="column"><span class="num">04/10 —</span>
      <h1 style="font-size: var(--heading-font-size-xxl)">Resize your image for free.</h1>
    </div>
    <div class="column">
      <p>Lorem ipsum dolor sit amet.</p>
    </div>
  </div>
  <div>
    <div class="column"><span class="num">05/10 —</span>
      <h1 style="font-size: var(--heading-font-size-xxl)">Resize your image for free.</h1>
    </div>
    <div class="column">
      <p>Lorem ipsum dolor sit amet.</p>
    </div>
  </div>
  <div>
    <div class="column"><span class="num">06/10 —</span>
      <h1 style="font-size: var(--heading-font-size-xxl)">Resize your image for free.</h1>
    </div>
    <div class="column">
      <p>Lorem ipsum dolor sit amet.</p>
    </div>
  </div>
  <div>
    <div class="column"><span class="num">07/10 —</span>
      <h1 style="font-size: var(--heading-font-size-xxl)">Resize your image for free.</h1>
    </div>
    <div class="column">
      <p>Lorem ipsum dolor sit amet.</p>
    </div>
  </div>
  <div>
    <div class="column"><span class="num">08/10 —</span>
      <h1 style="font-size: var(--heading-font-size-xxl)">Resize your image for free.</h1>
    </div>
    <div class="column">
      <p>Lorem ipsum dolor sit amet.</p>
    </div>
  </div>
  <div>
    <div class="column"><span class="num">09/10 —</span>
      <h1 style="font-size: var(--heading-font-size-xxl)">Resize your image for free.</h1>
    </div>
    <div class="column">
      <p>Lorem ipsum dolor sit amet.</p>
    </div>
  </div>
  <div>
    <div class="column"><span class="num">10/10 —</span>
      <h1 style="font-size: var(--heading-font-size-xxl)">Resize your image for free.</h1>
    </div>
    <div class="column">
      <p>Lorem ipsum dolor sit amet.</p>
    </div>
  </div>
</div>