<div class="section-wrapper">
  <picture><img src="./media/a.webp" alt="Left image" loading="lazy"></picture>
  <div>
    <p>
      <picture><img src="./media/b.webp" alt="In-panel image" loading="lazy"></picture>
    </p>
    <h2>How to title</h2>
    <div class="how-to-steps-carousel">
      <div class="tip-numbers">
        <div class="tip-number tip-1 active" tabindex="0" data-tip-index="1"><span>1</span></div>
        <div class="tip-number tip-2" tabindex="0" data-tip-index="2"><span>2</span></div>
        <div class="tip-number tip-3" tabindex="0" data-tip-index="3"><span>3</span></div>
      </div>
      <div class="tips">
        <div class="tip tip-3" data-tip-index="3">
          <div class="tip-text">
            <h3>Title for Step 3</h3>
            <p>Text content for Step 3.</p>
          </div>
        </div>
        <div class="tip tip-2" data-tip-index="2">
          <div class="tip-text">
            <h3>Title for Step 2</h3>
            <p>Text content for Step 2.</p>
          </div>
        </div>
        <div class="tip tip-1 active" data-tip-index="1">
          <div class="tip-text">
            <h3>Title for Step 1</h3>
            <p>Text content for Step 1.</p>
          </div>
        </div>
      </div>
    </div>
    <p><a href="https://www.adobe.com/express">Button</a></p>
  </div>
</div>