<div class="linked-image">
  <div>
    <div><a href="https://spark.adobe.com/video/FZXqFDNFog5qY" class="">
        <picture>
          <source media="(max-width: 400px)"
            srcset="./media/a.webp?width=750&amp;auto=webp&amp;format=pjpg&amp;optimize=medium">
          <img
            src="./media/a.webp?width=2000&amp;auto=webp&amp;format=pjpg&amp;optimize=medium"
            alt="" loading="lazy">
        </picture>
        <p></p>
      </a></div>
  </div>
</div>
