<div class="template-list large template-list-complete">
    <a href="https://spark.adobe.com/post/BshlLeOZHhNAy" class="template">
        <div>
            <picture>
                <source media="(min-width: 600px)" type="image/webp"
                        srcset="/media/a.webp?width=2000&amp;format=webply&amp;optimize=medium">
                <source type="image/webp" srcset="/media/a.webp?width=750&amp;format=webply&amp;optimize=medium">
                <source media="(min-width: 600px)" srcset="/media/a.webp?width=2000&amp;format=webp&amp;optimize=medium">
                <img loading="eager" alt="" src="/media/a.webp?width=750&amp;format=webp&amp;optimize=medium"></picture>
        </div>
        <div><span class="template-link">Edit this template</span></div>
    </a>
</div>
