<div class="template-list sixcols flex-masonry template-list-complete">
    <div class="masonry-col"><a href="https://adobesparkpost.app.link/n2Z46oQ2vbb" class="template appear">
        <div>
            <picture>
                <source type="image/webp" srcset="/media/a.webp?width=400&amp;format=webply&amp;optimize=medium">
                <img src="/media/a.webp?width=400&amp;format=webp&amp;optimize=medium" loading="eager"
                     alt="Blue Surf Festival Snapchat Story"></picture>
            <span class="icon icon-free-badge"></span></div>
        <div class="button-container"><span class="template-link">Edit this template</span></div>
    </a><a href="https://adobesparkpost.app.link/YnPqxipRtZ" class="template appear" tabindex="-1">
        <div>
            <picture>
                <source type="image/webp" srcset="/media/a.webp?width=400&amp;format=webply&amp;optimize=medium">
                <img src="/media/a.webp?width=400&amp;format=webp&amp;optimize=medium" loading="eager"
                     alt="Black and Pink Surfing Instagram Portrait Graphic with Flamingo"></picture>
        </div>
        <div class="button-container"><span class="template-link">Edit this template</span></div>
    </a><a href="https://adobesparkpost.app.link/zfpCWkARTcb" class="template appear" tabindex="-1">
        <div>
            <picture>
                <source type="image/webp" srcset="/media/c.webp?width=400&amp;format=webply&amp;optimize=medium">
                <img src="/media/c.webp?width=400&amp;format=webp&amp;optimize=medium" loading="eager"
                     alt="black and orange bike clearance instagram"></picture>
        </div>
        <div class="button-container"><span class="template-link">Edit this template</span></div>
    </a><a href="https://adobesparkpost.app.link/yAqjB5bf0ab" class="template appear" tabindex="-1">
        <div>
            <video playsinline="" autoplay="" loop="" muted=""
                   poster="/media/c.webp?width=400&amp;format=webp&amp;optimize=medium"
                   title="Black and White Bike Shop Promo Pinterest">
                <source src="https://cdn.cp.adobe.io/content/2/dcx/6bdfcc48-5851-4b3f-9752-4ed6369c5567/content/videoRendition.mp4/version/0"
                        type="video/mp4">
            </video>
        </div>
        <div class="button-container"><span class="template-link">Edit this template</span></div>
    </a><a href="https://adobesparkpost.app.link/3kmZXgkYj9" class="template appear" tabindex="-1">
        <div>
            <picture>
                <source type="image/webp" srcset="/media/a.webp?width=400&amp;format=webply&amp;optimize=medium">
                <img src="/media/a.webp?width=400&amp;format=webp&amp;optimize=medium" loading="eager"
                     alt="Pink Sunset Photo Bike Friendly Pinterest "></picture>
        </div>
        <div class="button-container"><span class="template-link">Edit this template</span></div>
    </a><a href="https://adobesparkpost.app.link/IszTScWTp0" class="template appear" tabindex="-1">
        <div>
            <picture>
                <source type="image/webp" srcset="/media/a.webp?width=400&amp;format=webply&amp;optimize=medium">
                <img src="/media/a.webp?width=400&amp;format=webp&amp;optimize=medium" loading="eager"
                     alt="movieposters "></picture>
        </div>
        <div class="button-container"><span class="template-link">Edit this template</span></div>
    </a></div>
    <div class="masonry-col"><a href="https://adobesparkpost.app.link/UJ6ABI2VtZ" class="template appear" tabindex="-1">
        <div>
            <picture>
                <source type="image/webp" srcset="/media/b.webp?width=400&amp;format=webply&amp;optimize=medium">
                <img src="/media/b.webp?width=400&amp;format=webp&amp;optimize=medium" loading="eager"
                     alt="Malibu Travel and Tourism Instagram Portrait Graphic with Surfer on Beach at Sunset">
            </picture>
            <span class="icon icon-free-badge"></span></div>
        <div class="button-container"><span class="template-link">Edit this template</span></div>
    </a><a href="https://adobesparkpost.app.link/nTGoGZBcuZ" class="template appear" tabindex="-1">
        <div>
            <picture>
                <source type="image/webp" srcset="/media/b.webp?width=400&amp;format=webply&amp;optimize=medium">
                <img src="/media/b.webp?width=400&amp;format=webp&amp;optimize=medium" loading="eager"
                     alt="Green White and Blue Surf Board Shaping Facebook Page Cover"></picture>
        </div>
        <div class="button-container"><span class="template-link">Edit this template</span></div>
    </a><a href="https://adobesparkpost.app.link/SWY1WeenRZ" class="template appear" tabindex="-1">
        <div>
            <picture>
                <source type="image/webp" srcset="/media/d.webp?width=400&amp;format=webply&amp;optimize=medium">
                <img src="/media/d.webp?width=400&amp;format=webp&amp;optimize=medium" loading="eager"
                     alt="Promoção <BR>de Bikes"></picture>
        </div>
        <div class="button-container"><span class="template-link">Edit this template</span></div>
    </a><a href="https://adobesparkpost.app.link/TcxsZWMdvfb" class="template appear" tabindex="-1">
        <div>
            <picture>
                <source type="image/webp" srcset="/media/d.webp?width=400&amp;format=webply&amp;optimize=medium">
                <img src="/media/d.webp?width=400&amp;format=webp&amp;optimize=medium" loading="eager"
                     alt="Blue and White Food Delivery Application Web Banner"></picture>
        </div>
        <div class="button-container"><span class="template-link">Edit this template</span></div>
    </a><a href="https://adobesparkpost.app.link/TSYk4hUwuZ" class="template appear" tabindex="-1">
        <div>
            <picture>
                <source type="image/webp" srcset="/media/c.webp?width=400&amp;format=webply&amp;optimize=medium">
                <img src="/media/c.webp?width=400&amp;format=webp&amp;optimize=medium" loading="eager"
                     alt="Bike to Work Challenge "></picture>
        </div>
        <div class="button-container"><span class="template-link">Edit this template</span></div>
    </a><a href="https://adobesparkpost.app.link/ZrbVbtHmOdb" class="template appear" tabindex="-1">
        <div>
            <picture>
                <source type="image/webp" srcset="/media/d.webp?width=400&amp;format=webply&amp;optimize=medium">
                <img src="/media/d.webp?width=400&amp;format=webp&amp;optimize=medium" loading="eager"
                     alt="dark gray and white virtual bike tour instagram story"></picture>
        </div>
        <div class="button-container"><span class="template-link">Edit this template</span></div>
    </a><a href="https://adobesparkpost.app.link/X2JUuyxkuZ" class="template appear" tabindex="-1">
        <div>
            <picture>
                <source type="image/webp" srcset="/media/b.webp?width=400&amp;format=webply&amp;optimize=medium">
                <img src="/media/b.webp?width=400&amp;format=webp&amp;optimize=medium" loading="eager"
                     alt="Grey and White Cycling Instagram Graphic"></picture>
        </div>
        <div class="button-container"><span class="template-link">Edit this template</span></div>
    </a><a href="https://adobesparkpost.app.link/gYZlPrVGn8" class="template appear" tabindex="-1">
        <div>
            <picture>
                <source type="image/webp" srcset="/media/b.webp?width=400&amp;format=webply&amp;optimize=medium">
                <img src="/media/b.webp?width=400&amp;format=webp&amp;optimize=medium" loading="eager"
                     alt="White and Green Design Contest with Bicycle Giveaway Instagram Story"></picture>
        </div>
        <div class="button-container"><span class="template-link">Edit this template</span></div>
    </a></div>
    <div class="masonry-col"><a href="https://adobesparkpost.app.link/iNd6vk7a3hb" class="template appear"
                                tabindex="-1">
        <div>
            <picture>
                <source type="image/webp" srcset="/media/c.webp?width=400&amp;format=webply&amp;optimize=medium">
                <img src="/media/c.webp?width=400&amp;format=webp&amp;optimize=medium" loading="eager"
                     alt="Blue Ocean Wave Logo with Stamped Graphic and Handwritten Name Logo Type"></picture>
            <span class="icon icon-free-badge"></span></div>
        <div class="button-container"><span class="template-link">Edit this template</span></div>
    </a><a href="https://adobesparkpost.app.link/eNgaORz8tZ" class="template appear" tabindex="-1">
        <div>
            <picture>
                <source type="image/webp" srcset="/media/c.webp?width=400&amp;format=webply&amp;optimize=medium">
                <img src="/media/c.webp?width=400&amp;format=webp&amp;optimize=medium" loading="eager"
                     alt="Surfer Starter Pack Instagram Square Meme"></picture>
        </div>
        <div class="button-container"><span class="template-link">Edit this template</span></div>
    </a><a href="https://adobesparkpost.app.link/MTbUJ2aZLZ" class="template appear" tabindex="-1">
        <div>
            <picture>
                <source type="image/webp" srcset="/media/b.webp?width=400&amp;format=webply&amp;optimize=medium">
                <img src="/media/b.webp?width=400&amp;format=webp&amp;optimize=medium" loading="eager"
                     alt="Venta De Bicicletas"></picture>
        </div>
        <div class="button-container"><span class="template-link">Edit this template</span></div>
    </a><a href="https://adobesparkpost.app.link/21NURqSugfb" class="template appear" tabindex="-1">
        <div>
            <picture>
                <source type="image/webp" srcset="/media/a.webp?width=400&amp;format=webply&amp;optimize=medium">
                <img src="/media/a.webp?width=400&amp;format=webp&amp;optimize=medium" loading="eager"
                     alt="Orange Illustrated Album Cover"></picture>
        </div>
        <div class="button-container"><span class="template-link">Edit this template</span></div>
    </a><a href="https://adobesparkpost.app.link/oVnOlDpXtZ" class="template appear" tabindex="-1">
        <div>
            <picture>
                <source type="image/webp" srcset="/media/a.webp?width=400&amp;format=webply&amp;optimize=medium">
                <img src="/media/a.webp?width=400&amp;format=webp&amp;optimize=medium" loading="eager"
                     alt="Black and White Bike Week Social Post"></picture>
        </div>
        <div class="button-container"><span class="template-link">Edit this template</span></div>
    </a><a href="https://adobesparkpost.app.link/kykhZZkyfgb" class="template appear" tabindex="-1">
        <div>
            <picture>
                <source type="image/webp" srcset="/media/c.webp?width=400&amp;format=webply&amp;optimize=medium">
                <img src="/media/c.webp?width=400&amp;format=webp&amp;optimize=medium" loading="eager"
                     alt="Yellow Red Bike Competition IG Story"></picture>
        </div>
        <div class="button-container"><span class="template-link">Edit this template</span></div>
    </a></div>
    <div class="masonry-col"><a href="https://adobesparkpost.app.link/aJO9x4Y0ybb" class="template appear"
                                tabindex="-1">
        <div>
            <picture>
                <source type="image/webp" srcset="/media/d.webp?width=400&amp;format=webply&amp;optimize=medium">
                <img src="/media/d.webp?width=400&amp;format=webp&amp;optimize=medium" loading="eager"
                     alt="Green Surf Club Instagram Square"></picture>
        </div>
        <div class="button-container"><span class="template-link">Edit this template</span></div>
    </a><a href="https://adobesparkpost.app.link/DJjUMcH5tZ" class="template appear" tabindex="-1">
        <div>
            <picture>
                <source type="image/webp" srcset="/media/d.webp?width=400&amp;format=webply&amp;optimize=medium">
                <img src="/media/d.webp?width=400&amp;format=webp&amp;optimize=medium" loading="eager"
                     alt="Orange and Black Bike Sale Social Post"></picture>
        </div>
        <div class="button-container"><span class="template-link">Edit this template</span></div>
    </a><a href="https://adobesparkpost.app.link/wv2YEeqr0ab" class="template appear" tabindex="-1">
        <div>
            <picture>
                <source type="image/webp" srcset="/media/a.webp?width=400&amp;format=webply&amp;optimize=medium">
                <img src="/media/a.webp?width=400&amp;format=webp&amp;optimize=medium" loading="eager"
                     alt="Neon Green Bicycle Fair Facebook Event Cover"></picture>
        </div>
        <div class="button-container"><span class="template-link">Edit this template</span></div>
    </a><a href="https://adobesparkpost.app.link/UPHVQd3ZzZ" class="template appear" tabindex="-1">
        <div>
            <picture>
                <source type="image/webp" srcset="/media/b.webp?width=400&amp;format=webply&amp;optimize=medium">
                <img src="/media/b.webp?width=400&amp;format=webp&amp;optimize=medium" loading="eager"
                     alt="Vente De Vélos"></picture>
        </div>
        <div class="button-container"><span class="template-link">Edit this template</span></div>
    </a><a href="https://adobesparkpost.app.link/v1KCq7JuXeb" class="template appear" tabindex="-1">
        <div>
            <picture>
                <source type="image/webp" srcset="/media/b.webp?width=400&amp;format=webply&amp;optimize=medium">
                <img src="/media/b.webp?width=400&amp;format=webp&amp;optimize=medium" loading="eager"
                     alt="dark blue and white bike sale instagram "></picture>
        </div>
        <div class="button-container"><span class="template-link">Edit this template</span></div>
    </a><a href="https://adobesparkpost.app.link/ltWx3nPOw0" class="template appear" tabindex="-1">
        <div>
            <picture>
                <source type="image/webp" srcset="/media/d.webp?width=400&amp;format=webply&amp;optimize=medium">
                <img src="/media/d.webp?width=400&amp;format=webp&amp;optimize=medium" loading="eager"
                     alt="movieposters "></picture>
        </div>
        <div class="button-container"><span class="template-link">Edit this template</span></div>
    </a></div>
</div>
