<div class="template-list horizontal">
  <div class="carousel-container">
    <div class="carousel-platform infinity-scroll-loaded" style=""><a href="https://adobesparkpost.app.link/HWXjdwo3tZ"
        class="template">
        <div>
          <picture>
            <source type="image/webp" srcset="/media/a.webp?width=400&amp;format=webply&amp;optimize=medium"><img
              src="/media/a.webp?width=400&amp;format=webp&amp;optimize=medium" loading="eager"
              alt="Blue and White Surfs Up Social Post">
          </picture>

        </div>
        <div><span class="template-link">Edit this template</span></div>
      </a><a href="https://adobesparkpost.app.link/RNZ7t75VtZ" class="template">
        <div>
          <picture>
            <source type="image/webp" srcset="/media/b.webp?width=400&amp;format=webply&amp;optimize=medium"><img
              src="/media/b.webp?width=400&amp;format=webp&amp;optimize=medium" loading="eager"
              alt="Blue Surfing Clothing Instagram Portrait Ad with Wave">
          </picture>

        </div>
        <div><span class="template-link">Edit this template</span></div>
      </a><a href="https://adobesparkpost.app.link/bHOZaY0WtZ" class="template">
        <div>
          <picture>
            <source type="image/webp" srcset="/media/c.webp?width=400&amp;format=webply&amp;optimize=medium"><img
              src="/media/c.webp?width=400&amp;format=webp&amp;optimize=medium" loading="eager"
              alt="White, Light Toned Wedding Magazine Cover ">
          </picture>

        </div>
        <div><span class="template-link">Edit this template</span></div>
      </a><a href="https://adobesparkpost.app.link/HWXjdwo3tZ" class="template">
        <div>
          <picture>
            <source type="image/webp" srcset="/media/a.webp?width=400&amp;format=webply&amp;optimize=medium"><img
              src="/media/a.webp?width=400&amp;format=webp&amp;optimize=medium" loading="eager"
              alt="Blue and White Surfs Up Social Post">
          </picture>

        </div>
        <div><span class="template-link">Edit this template</span></div>
      </a><a href="https://adobesparkpost.app.link/RNZ7t75VtZ" class="template">
        <div>
          <picture>
            <source type="image/webp" srcset="/media/b.webp?width=400&amp;format=webply&amp;optimize=medium"><img
              src="/media/b.webp?width=400&amp;format=webp&amp;optimize=medium" loading="eager"
              alt="Blue Surfing Clothing Instagram Portrait Ad with Wave">
          </picture>

        </div>
        <div><span class="template-link">Edit this template</span></div>
      </a><a href="https://adobesparkpost.app.link/bHOZaY0WtZ" class="template">
        <div>
          <picture>
            <source type="image/webp" srcset="/media/c.webp?width=400&amp;format=webply&amp;optimize=medium"><img
              src="/media/c.webp?width=400&amp;format=webp&amp;optimize=medium" loading="eager"
              alt="White, Light Toned Wedding Magazine Cover ">
          </picture>

        </div>
        <div><span class="template-link">Edit this template</span></div>
      </a><a href="https://adobesparkpost.app.link/HWXjdwo3tZ" class="template">
        <div>
          <picture>
            <source type="image/webp" srcset="/media/a.webp?width=400&amp;format=webply&amp;optimize=medium"><img
              src="/media/a.webp?width=400&amp;format=webp&amp;optimize=medium" loading="eager"
              alt="Blue and White Surfs Up Social Post">
          </picture>

        </div>
        <div><span class="template-link">Edit this template</span></div>
      </a><a href="https://adobesparkpost.app.link/RNZ7t75VtZ" class="template">
        <div>
          <picture>
            <source type="image/webp" srcset="/media/b.webp?width=400&amp;format=webply&amp;optimize=medium"><img
              src="/media/b.webp?width=400&amp;format=webp&amp;optimize=medium" loading="eager"
              alt="Blue Surfing Clothing Instagram Portrait Ad with Wave">
          </picture>

        </div>
        <div><span class="template-link">Edit this template</span></div>
      </a><a href="https://adobesparkpost.app.link/bHOZaY0WtZ" class="template">
        <div>
          <picture>
            <source type="image/webp" srcset="/media/c.webp?width=400&amp;format=webply&amp;optimize=medium"><img
              src="/media/c.webp?width=400&amp;format=webp&amp;optimize=medium" loading="eager"
              alt="White, Light Toned Wedding Magazine Cover ">
          </picture>

        </div>
        <div><span class="template-link">Edit this template</span></div>
      </a><a href="https://adobesparkpost.app.link/HWXjdwo3tZ" class="template">
        <div>
          <picture>
            <source type="image/webp" srcset="/media/a.webp?width=400&amp;format=webply&amp;optimize=medium"><img
              src="/media/a.webp?width=400&amp;format=webp&amp;optimize=medium" loading="eager"
              alt="Blue and White Surfs Up Social Post">
          </picture>

        </div>
        <div><span class="template-link">Edit this template</span></div>
      </a><a href="https://adobesparkpost.app.link/RNZ7t75VtZ" class="template">
        <div>
          <picture>
            <source type="image/webp" srcset="/media/b.webp?width=400&amp;format=webply&amp;optimize=medium"><img
              src="/media/b.webp?width=400&amp;format=webp&amp;optimize=medium" loading="eager"
              alt="Blue Surfing Clothing Instagram Portrait Ad with Wave">
          </picture>

        </div>
        <div><span class="template-link">Edit this template</span></div>
      </a><a href="https://adobesparkpost.app.link/bHOZaY0WtZ" class="template">
        <div>
          <picture>
            <source type="image/webp" srcset="/media/c.webp?width=400&amp;format=webply&amp;optimize=medium"><img
              src="/media/c.webp?width=400&amp;format=webp&amp;optimize=medium" loading="eager"
              alt="White, Light Toned Wedding Magazine Cover ">
          </picture>

        </div>
        <div><span class="template-link">Edit this template</span></div>
      </a><a href="https://adobesparkpost.app.link/HWXjdwo3tZ" class="template">
        <div>
          <picture>
            <source type="image/webp" srcset="/media/a.webp?width=400&amp;format=webply&amp;optimize=medium"><img
              src="/media/a.webp?width=400&amp;format=webp&amp;optimize=medium" loading="eager"
              alt="Blue and White Surfs Up Social Post">
          </picture>

        </div>
        <div><span class="template-link">Edit this template</span></div>
      </a><a href="https://adobesparkpost.app.link/RNZ7t75VtZ" class="template">
        <div>
          <picture>
            <source type="image/webp" srcset="/media/b.webp?width=400&amp;format=webply&amp;optimize=medium"><img
              src="/media/b.webp?width=400&amp;format=webp&amp;optimize=medium" loading="eager"
              alt="Blue Surfing Clothing Instagram Portrait Ad with Wave">
          </picture>

        </div>
        <div><span class="template-link">Edit this template</span></div>
      </a><a href="https://adobesparkpost.app.link/bHOZaY0WtZ" class="template">
        <div>
          <picture>
            <source type="image/webp" srcset="/media/c.webp?width=400&amp;format=webply&amp;optimize=medium"><img
              src="/media/c.webp?width=400&amp;format=webp&amp;optimize=medium" loading="eager"
              alt="White, Light Toned Wedding Magazine Cover ">
          </picture>

        </div>
        <div><span class="template-link">Edit this template</span></div>
      </a></div>
    <div class="carousel-fader-left"><a class="button carousel-arrow carousel-arrow-left"></a></div>
    <div class="carousel-fader-right"><a class="button carousel-arrow carousel-arrow-right"></a></div>
  </div>
</div>
