<div class="template-list large template-list-complete"><a href="https://adobesparkpost.app.link/v4MgmgR443"
                                                           class="template">
    <div>
        <video playsinline="" autoplay="" loop="" muted=""
               poster="/media/a.webp?width=750&amp;format=webp&amp;optimize=medium"
               title="Gray Mens Fashion Store Ad Instagram Story with Fashion Model">
            <source src="https://cdn.cp.adobe.io/content/2/dcx/7f2115c0-50ab-4389-a32d-572ce1d82bf1/content/videoRendition.mp4/version/0"
                    type="video/mp4">
        </video>
        <span class="icon icon-free-badge"></span></div>
    <div><span class="template-link">Edit this template</span></div>
</a></div>
