<div class="template-list large">
  <div class="template">
    <div><a href="https://spark.adobe.com/express-apps/logo-maker/" class="">
        <picture>
          <source media="(min-width: 400px)" type="image/webp"
            srcset="/media/a.webp?width=2000&amp;format=webply&amp;optimize=medium">
          <source type="image/webp" srcset="/media/a.webp?width=750&amp;format=webply&amp;optimize=medium">
          <source media="(min-width: 400px)" srcset="/media/a.webp?width=2000&amp;format=webp&amp;optimize=medium"><img
            src="/media/a.webp?width=750&amp;format=webp&amp;optimize=medium" loading="lazy"
            alt="camera logo express app">
        </picture>
      </a></div>
    <div></div>
  </div>
</div>
