<div class="template-list large">
  <div class="template-title">
    <div>
      <h4>Get started with professional-quality templates and design assets.</h4>
      <p><a href="https://www.adobe.com/express/create" class="template-title-link">View all</a></p>
    </div>
  </div>
  <a href="https://adobesparkpost.app.link/pyZwdYuCcZ" class="template">
    <div>
      <picture>
        <source media="(min-width: 400px)" type="image/webp"
          srcset="/media/a.webp?width=2000&amp;format=webply&amp;optimize=medium">
        <source type="image/webp" srcset="/media/a.webp?width=750&amp;format=webply&amp;optimize=medium">
        <source media="(min-width: 400px)" srcset="/media/a.webp?width=2000&amp;format=webp&amp;optimize=medium"><img
          src="/media/a.webp?width=750&amp;format=webp&amp;optimize=medium" loading="lazy"
          alt="White With Sea View Social Post">
      </picture>
    </div>
    <div><span class="template-link">Edit this template</span></div>
  </a>
</div>